Command: 'D:\DevTools\CUDA\v13.3\bin\compute-sanitizer.BAT' --tool initcheck --error-exitcode 99 'out\build\rtx3080-sm86-release\raggedroute_correctness_tests.exe'

========= COMPUTE-SANITIZER
PASS dense_gemm/cuda_naive - matched reference
PASS topk_gate/cuda_naive - matched reference
PASS topk_gate/cuda_naive - matched reference
PASS topk_gate/cuda_naive - matched reference
PASS topk_gate/cuda_naive - matched reference
PASS histogram/cuda_naive - counts match CPU bincount
PASS histogram/cuda_naive - counts match CPU bincount
PASS histogram/cuda_naive - counts match CPU bincount
PASS histogram/cuda_naive - counts match CPU bincount
PASS histogram/cuda_naive - counts match CPU bincount
PASS histogram/cuda_naive - counts match CPU bincount
PASS histogram/cuda_naive - counts match CPU bincount
PASS histogram/cuda_naive - counts match CPU bincount
PASS exclusive_scan/cuda_naive - offsets match CPU reference
PASS token_permute/cuda_naive - mapping is bijective and rows match input
PASS token_permute/cuda_naive - mapping is bijective and rows match input
PASS grouped_gemm/cuda_naive - matched reference
PASS unpermute/cuda_naive - matched reference
PASS dense_gemm/cublaslt - matched reference
PASS dense_gemm/cublas - matched reference
PASS dense_gemm/cuda_tiled_scalar - matched reference
PASS dense_gemm/cuda_2d_mapping - matched reference
PASS dense_gemm/cuda_tiled_vector - matched reference
PASS dense_gemm/cuda_combined - matched reference
PASS dense_gemm/cuda_register_tiled_v2_sync - matched reference
PASS dense_gemm/cuda_register_tiled_v2_async - matched reference
PASS dense_gemm/cuda_register_tiled_v3_64x32_async - matched reference
PASS histogram/cub_device_histogram - counts match CPU bincount
PASS histogram/cuda_candidate - counts match CPU bincount
PASS histogram/cuda_candidate - counts match CPU bincount
PASS histogram/cuda_candidate - counts match CPU bincount
PASS exclusive_scan/cub_device_scan - offsets match CPU reference
PASS exclusive_scan/cub_block_scan - offsets match CPU reference
PASS exclusive_scan/cub_warp_scan - offsets match CPU reference
PASS token_permute/cuda_naive_from_ids - mapping is bijective and rows match input
PASS token_permute/cuda_atomic_vectorized_128 - mapping is bijective and rows match input
PASS token_permute/cuda_atomic_vectorized_64 - mapping is bijective and rows match input
PASS token_permute/cuda_atomic_vectorized_256 - mapping is bijective and rows match input
PASS token_permute/cuda_token_owned_top2 - mapping is bijective and rows match input
PASS token_permute/cuda_block_partial - mapping is bijective and rows match input
PASS token_permute/cuda_token_tile4_direct - mapping is bijective and rows match input
PASS token_permute/cuda_token_tile4_warp_aggregated - mapping is bijective and rows match input
PASS token_permute/cuda_candidate_v2 - mapping is bijective and rows match input
PASS token_permute/cuda_fused_prepare_token_owned_from_ids - mapping is bijective and rows match input
PASS token_permute/cuda_fused_prepare_warp_aggregated_from_ids - mapping is bijective and rows match input
PASS token_permute/cuda_candidate_v2_from_ids - mapping is bijective and rows match input
PASS token_permute/cuda_candidate - mapping is bijective and rows match input
PASS token_permute/cuda_candidate_from_ids - mapping is bijective and rows match input
PASS token_permute/vllm_moe_permute - mapping is bijective and rows match input
PASS token_permute/vllm_expand_rows - mapping is bijective and rows match input
PASS grouped_gemm/cublas_per_expert - matched reference
SKIP grouped_gemm/cutlass_grouped - optional dependency unavailable
PASS grouped_gemm/cuda_grouped_tiled16_sync_v0 - matched reference
PASS grouped_gemm/cuda_grouped_persistent16_v1 - matched reference
PASS grouped_gemm/cuda_grouped_register16x32_sync_v2 - matched reference
PASS grouped_gemm/cuda_grouped_register16x32_async_v3 - matched reference
PASS grouped_gemm/cuda_grouped_register16x32_async_full_v4 - matched reference
PASS grouped_gemm/cuda_grouped_sm86_fp32_v1 - matched reference
PASS unpermute/vllm_finalize_routing - matched reference
PASS unpermute/vllm_finalize_routing - matched reference
PASS histogram/cuda_candidate - counts match CPU bincount
PASS histogram/cuda_candidate - counts match CPU bincount
PASS histogram/cuda_candidate - counts match CPU bincount
PASS histogram/cuda_candidate - counts match CPU bincount
PASS histogram/cuda_candidate - counts match CPU bincount
PASS histogram/cuda_candidate - counts match CPU bincount
PASS histogram/cuda_candidate - counts match CPU bincount
PASS histogram/cuda_candidate - counts match CPU bincount
PASS histogram/cuda_candidate - counts match CPU bincount
PASS histogram/cuda_candidate - counts match CPU bincount
PASS histogram/cuda_candidate - counts match CPU bincount
PASS histogram/cuda_candidate - counts match CPU bincount
PASS histogram/cuda_candidate - counts match CPU bincount
PASS histogram/cuda_candidate - counts match CPU bincount
PASS histogram/cuda_candidate - counts match CPU bincount
PASS histogram/cuda_candidate - counts match CPU bincount
PASS histogram/cuda_candidate - counts match CPU bincount
PASS histogram/cuda_candidate - counts match CPU bincount
PASS histogram/cuda_candidate - counts match CPU bincount
PASS histogram/cuda_candidate - counts match CPU bincount
PASS histogram/cuda_candidate - counts match CPU bincount
PASS histogram/cuda_candidate - counts match CPU bincount
PASS histogram/cuda_candidate - counts match CPU bincount
PASS histogram/cuda_candidate - counts match CPU bincount
PASS histogram/cuda_candidate - counts match CPU bincount
PASS histogram/cuda_candidate - counts match CPU bincount
PASS histogram/cuda_candidate - counts match CPU bincount
PASS histogram/cuda_candidate - counts match CPU bincount
PASS histogram/cuda_candidate - counts match CPU bincount
PASS histogram/cuda_candidate - counts match CPU bincount
PASS histogram/cuda_candidate - counts match CPU bincount
PASS histogram/cuda_candidate - counts match CPU bincount
PASS histogram/cuda_candidate - counts match CPU bincount
PASS histogram/cuda_candidate - counts match CPU bincount
PASS histogram/cuda_candidate - counts match CPU bincount
PASS histogram/cuda_candidate - counts match CPU bincount
PASS histogram/cuda_candidate - counts match CPU bincount
PASS histogram/cuda_candidate - counts match CPU bincount
PASS histogram/cuda_candidate - counts match CPU bincount
PASS histogram/cuda_candidate - counts match CPU bincount
PASS histogram/cuda_candidate - counts match CPU bincount
PASS histogram/cuda_candidate - counts match CPU bincount
PASS histogram/cuda_candidate - counts match CPU bincount
PASS histogram/cuda_candidate - counts match CPU bincount
PASS histogram/cuda_candidate - counts match CPU bincount
PASS histogram/cuda_candidate - counts match CPU bincount
PASS histogram/cuda_candidate - counts match CPU bincount
PASS histogram/cuda_candidate - counts match CPU bincount
PASS histogram/cuda_candidate - counts match CPU bincount
PASS histogram/cuda_candidate - counts match CPU bincount
PASS histogram/cuda_candidate - counts match CPU bincount
PASS histogram/cuda_candidate - counts match CPU bincount
PASS histogram/cuda_candidate - counts match CPU bincount
PASS histogram/cuda_candidate - counts match CPU bincount
PASS histogram/cuda_candidate - counts match CPU bincount
PASS histogram/cuda_candidate - counts match CPU bincount
PASS histogram/cuda_candidate - counts match CPU bincount
PASS histogram/cuda_candidate - counts match CPU bincount
PASS histogram/cuda_candidate - counts match CPU bincount
PASS histogram/cuda_candidate - counts match CPU bincount
PASS histogram/cuda_candidate - counts match CPU bincount
PASS histogram/cuda_candidate - counts match CPU bincount
PASS histogram/cuda_candidate - counts match CPU bincount
PASS histogram/cuda_candidate - counts match CPU bincount
PASS histogram/cuda_candidate - counts match CPU bincount
PASS histogram/cuda_candidate - counts match CPU bincount
PASS histogram/cuda_candidate - counts match CPU bincount
PASS unpermute/cuda_warp_token_vec4 - matched reference
PASS unpermute/cuda_warp_token_vec4 - matched reference
PASS unpermute/cuda_warp_token_vec4 - matched reference
PASS unpermute/cuda_warp_token_vec4 - matched reference
PASS unpermute/cuda_warp_token_vec4 - matched reference
PASS unpermute/cuda_warp_token_vec4 - matched reference
PASS unpermute/cuda_warp_token_vec4 - matched reference
PASS unpermute/cuda_warp_token_vec4 - matched reference
PASS unpermute/cuda_warp_token_vec4 - matched reference
PASS unpermute/cuda_warp_token_vec4 - matched reference
PASS unpermute/cuda_warp_token_vec4 - matched reference
PASS unpermute/cuda_warp_token_vec4 - matched reference
PASS exhaustive topk_gate E=2..64 candidate matrix
PASS dense_gemm/cuda_tiled_scalar - matched reference
PASS dense_gemm/cuda_tiled_scalar - matched reference
PASS dense_gemm/cuda_tiled_scalar - matched reference
PASS dense_gemm/cuda_tiled_scalar - matched reference
PASS dense_gemm/cuda_2d_mapping - matched reference
PASS dense_gemm/cuda_2d_mapping - matched reference
PASS dense_gemm/cuda_2d_mapping - matched reference
PASS dense_gemm/cuda_2d_mapping - matched reference
PASS dense_gemm/cuda_tiled_vector - matched reference
PASS dense_gemm/cuda_tiled_vector - matched reference
PASS dense_gemm/cuda_tiled_vector - matched reference
PASS dense_gemm/cuda_tiled_vector - matched reference
PASS dense_gemm/cuda_combined - matched reference
PASS dense_gemm/cuda_combined - matched reference
PASS dense_gemm/cuda_combined - matched reference
PASS dense_gemm/cuda_combined - matched reference
PASS dense_gemm/cuda_register_tiled_v2_sync - matched reference
PASS dense_gemm/cuda_register_tiled_v2_sync - matched reference
PASS dense_gemm/cuda_register_tiled_v2_sync - matched reference
PASS dense_gemm/cuda_register_tiled_v2_sync - matched reference
PASS dense_gemm/cuda_register_tiled_v2_async - matched reference
PASS dense_gemm/cuda_register_tiled_v2_async - matched reference
PASS dense_gemm/cuda_register_tiled_v2_async - matched reference
PASS dense_gemm/cuda_register_tiled_v2_async - matched reference
PASS dense_gemm/cuda_register_tiled_v3_64x32_async - matched reference
PASS dense_gemm/cuda_register_tiled_v3_64x32_async - matched reference
PASS dense_gemm/cuda_register_tiled_v3_64x32_async - matched reference
PASS dense_gemm/cuda_register_tiled_v3_64x32_async - matched reference
PASS grouped_gemm/cuda_grouped_tiled16_sync_v0 - matched reference
PASS grouped_gemm/cuda_grouped_tiled16_sync_v0 - matched reference
PASS grouped_gemm/cuda_grouped_tiled16_sync_v0 - matched reference
PASS grouped_gemm/cuda_grouped_persistent16_v1 - matched reference
PASS grouped_gemm/cuda_grouped_persistent16_v1 - matched reference
PASS grouped_gemm/cuda_grouped_persistent16_v1 - matched reference
PASS grouped_gemm/cuda_grouped_register16x32_sync_v2 - matched reference
PASS grouped_gemm/cuda_grouped_register16x32_sync_v2 - matched reference
PASS grouped_gemm/cuda_grouped_register16x32_sync_v2 - matched reference
PASS grouped_gemm/cuda_grouped_register16x32_async_v3 - matched reference
PASS grouped_gemm/cuda_grouped_register16x32_async_v3 - matched reference
PASS grouped_gemm/cuda_grouped_register16x32_async_v3 - matched reference
PASS grouped_gemm/cuda_grouped_register16x32_async_full_v4 - matched reference
PASS grouped_gemm/cuda_grouped_register16x32_async_full_v4 - matched reference
PASS grouped_gemm/cuda_grouped_register16x32_async_full_v4 - matched reference
PASS grouped_gemm/cuda_grouped_sm86_fp32_v1 - matched reference
PASS grouped_gemm/cuda_grouped_sm86_fp32_v1 - matched reference
PASS grouped_gemm/cuda_grouped_sm86_fp32_v1 - matched reference
PASS chain_from_tokens/cuda_naive - matched reference
PASS chain_from_tokens/cuda_permute_candidate - matched reference
PASS chain_from_tokens/cuda_grouped_sm86_fp32_v1 - matched reference
PASS chain_from_tokens/cuda_unpermute_candidate - matched reference
PASS chain_from_logits/cuda_naive - matched reference
PASS chain_from_logits/cuda_permute_candidate - matched reference
PASS chain_from_logits/cuda_grouped_sm86_fp32_v1 - matched reference
PASS chain_from_logits/cuda_unpermute_candidate - matched reference
All correctness tests passed
========= ERROR SUMMARY: 0 errors
